Region=mediterranean_2003  Ablation=cn_era5
  Bounds: lat=[30,48]  lon=[-10,40]
Land mask shape: (49, 200)
Land fraction: 0.588
NW corner (should be land/sea as expected): False
SE corner: True
  Grid: 49 rows × 200 cols
  CC range: [0.0000, 1.2266]
  HW positive rate: 0.1745
  Test: 2003-07-29 → 2003-08-31
Loading NUTS boundaries...
  NUTS features clipped to region: 164

CC thresholds:
  Active (q=0.7):   CC >= 0.0168
  Inactive (q=0.4):  CC <  0.0000

Label distribution:
  inactive    : 0.000
  active      : 0.300
  transitional: 0.700

  Lead    Active Jaccard    Trans Jaccard      N
     1d            0.4149           0.0493     33
     2d            0.3918           0.0593     32
     3d            0.3847           0.0636     31

Date          Active%      HW%   LCC_size   N_comp      Lat      Lon
2003-07-29       16.6      3.7        957        5    34.33     4.97
2003-07-30       21.0      7.2       1441        4    36.61     2.05
2003-07-31       12.4     11.1        614        3    41.60    -5.78
2003-08-01       12.7     18.7        838        3    41.96    -4.79
2003-08-02       18.5     22.1       1659        1    38.38    -1.12
2003-08-03       24.8     22.0       2038        4    37.26     0.70
2003-08-04       32.0     22.4       2808        3    37.10     5.09
2003-08-05       32.6     21.6       2423        4    36.81     2.93
2003-08-06       29.4     21.6       2455        3    36.64     3.95
2003-08-07       31.9     22.7       2895        2    36.60     7.39
2003-08-08       28.6     22.7       2359        4    36.86     2.59
2003-08-09       30.1     23.0       2367        2    36.78     2.77
2003-08-10       27.8     25.2       2307        4    36.59     3.08
2003-08-11       29.3     26.1       2361        3    36.72     3.03
2003-08-12       29.8     27.5       2524        3    37.02     3.40
2003-08-13       30.2     23.6       2578        3    37.02     3.73
2003-08-14       33.6     13.5       2771        4    37.03     4.84
2003-08-15       35.9     13.2       2931        4    37.38     6.83
2003-08-16       35.8     16.0       3193        2    37.38    10.59
2003-08-17       33.8     16.5       2728        3    37.52    18.63
2003-08-18       44.2     13.5       3390        3    36.93    21.67
2003-08-19       36.4      7.9       2714        3    37.30    22.41
2003-08-20       28.0      8.7       1451        5    38.55    19.37
2003-08-21       34.4     13.1       2384        6    36.77     3.33
2003-08-22       25.1     17.8       1872        3    35.42    16.65
2003-08-23       37.4     18.7       2976        4    35.30    15.22
2003-08-24       50.1     11.3       4384        4    37.94    15.22
2003-08-25       38.9     10.8       3419        3    38.71    16.77
2003-08-26       24.5     18.0        871        5    35.05    13.16
2003-08-27       22.1     22.5        908        4    33.55     7.89
2003-08-28       29.2     22.4       2492        1    34.69    19.50
2003-08-29       33.0     25.1       2765        2    34.88    19.31
2003-08-30       35.9     22.5       2904        4    35.65    21.48
2003-08-31       33.8      0.5       2617        3    37.38    22.47

Saved: /gpfs/home2/mzdych/thesis/experiments/trajectories_mediterranean_2003_cn_era5_cconly/fig1_trajectory_sequence.png
Saved: /gpfs/home2/mzdych/thesis/experiments/trajectories_mediterranean_2003_cn_era5_cconly/fig2_temporal_evolution.png
Saved: /gpfs/home2/mzdych/thesis/experiments/trajectories_mediterranean_2003_cn_era5_cconly/fig3_centroid_trajectory.png
Saved: /gpfs/home2/mzdych/thesis/experiments/trajectories_mediterranean_2003_cn_era5_cconly/fig4_jaccard_validation.png
Saved: /gpfs/home2/mzdych/thesis/experiments/trajectories_mediterranean_2003_cn_era5_cconly/fig5_lcc_size.png

All outputs saved to: /gpfs/home2/mzdych/thesis/experiments/trajectories_mediterranean_2003_cn_era5_cconly
Done.
